$ git checkout HEAD road-not-taken.txt 
$ git checkout -- oven-bird.txt 
$ git diff
diff --git a/oven-bird.txt b/oven-bird.txt
index 7e78f81..a6334a1 100644
--- a/oven-bird.txt
+++ b/oven-bird.txt
@@ -13,3 +13,4 @@ He says the highway dust is over all.
 The bird would cease and be as other birds
 But that he knows in singing not to sing.
$ git add road-not-taken.txt oven-bird.txt fire-and-ice.txt 
$ git status
On branch master
Changes to be committed:
  (use "git reset HEAD <file>..." to unstage)

        modified:   fire-and-ice.txt
        modified:   oven-bird.txt
        modified:   road-not-taken.txt

$ git reset HEAD fire-and-ice.txt Unstaged changes after reset:
M       fire-and-ice.txt
$ git status
On branch master
Changes to be committed:
  (use "git reset HEAD <file>..." to unstage)

        modified:   oven-bird.txt
        modified:   road-not-taken.txt

Changes not staged for commit:
  (use "git add <file>..." to update what will be committed)
  (use "git checkout -- <file>..." to discard changes in working directory)

        modified:   fire-and-ice.txt

$ git commit -m "Add last lines of poem"
[master 47d224e] Add last lines of poem
 2 files changed, 2 insertions(+)
$ git add fire-and-ice.txt road-not-taken.txt oven-bird.txt 
$ git status
On branch master
Changes to be committed:
  (use "git reset HEAD <file>..." to unstage)

        modified:   fire-and-ice.txt
        modified:   oven-bird.txt
        modified:   road-not-taken.txt

$ git commit -m "Change author's name"
[master 8700ba6] Change author's name
 3 files changed, 5 insertions(+), 3 deletions(-)
$ git log
commit 8700ba65564ee91dc7eee596214af158955993d4
Author: codecademy <ccuser@codecademy.com>
Date:   Fri Dec 24 06:24:36 2021 +0000

    Change author's name

commit 47d224ef714b48ec0252811a9c778418852284dc
$ git reset 47d224e
Unstaged changes after reset:
M       fire-and-ice.txt
M       oven-bird.txt
M       road-not-taken.txt
$ git status
On branch master
Changes not staged for commit:
  (use "git add <file>..." to update what will be committed)
  (use "git checkout -- <file>..." to discard changes in working directory)

        modified:   fire-and-ice.txt
        modified:   oven-bird.txt
        modified:   road-not-taken.txt

no changes added to commit (use "git add" and/or "git commit -a")
$ git checkout HEAD fire-and-ice.txt oven-bird.txt road-not-taken.txt 